{"Major":"0", "Minor":"17", "Patch":"0", "PreRelease":"dev", "Meta":"", "GitVersion":"0.17.0-dev", "GitCommit":"", "GitTreeState":"", "BuildDate":"1970-01-01T00:00:00Z", "GoVersion":"go1.23.2", "Compiler":"gc", "Platform":"windows/amd64"}
